// Jest Snapshot v1, https://goo.gl/fbAQLP

exports[`DummyComponent should match snapshot 1`] = `
<app-dummy>
  <p>
     dummy works!
  
  </p>
</app-dummy>
`;
