// Jest Snapshot v1, https://goo.gl/fbAQLP

exports[`LoginPageComponent should match snapshot 1`] = `
<app-login-page
  isLoading$={[Function Store]}
  store={[Function MockStore]}
>
  <app-login-form
    ng-reflect-pending="false"
  >
    <mat-card
      class="mat-card"
    >
      <mat-card-title
        class="mat-card-title"
      >
        Login
      </mat-card-title>
      <mat-card-content
        class="mat-card-content"
      >
        <form
          class="ng-untouched ng-pristine ng-invalid"
          ng-reflect-form="[object Object]"
          novalidate=""
        >
          <p>
            <mat-form-field
              class="mat-form-field ng-tns-c4-0 mat-primary mat-form-field-type-mat-input mat-form-field-appearance-legacy mat-form-field-can-float mat-form-field-hide-placeholder ng-untouched ng-pristine ng-invalid _mat-animation-noopable"
            >
              <div
                class="mat-form-field-wrapper"
              >
                <div
                  class="mat-form-field-flex"
                >
                  
                  
                  <div
                    class="mat-form-field-infix"
                  >
                    <input
                      aria-invalid="false"
                      aria-required="false"
                      class="mat-input-element mat-form-field-autofill-control cdk-text-field-autofill-monitored ng-untouched ng-pristine ng-invalid"
                      formcontrolname="email"
                      id="mat-input-2"
                      matinput=""
                      ng-reflect-name="email"
                      ng-reflect-placeholder="Email"
                      ng-reflect-type="text"
                      placeholder="Email"
                      type="text"
                    />
                    <span
                      class="mat-form-field-label-wrapper"
                    >
                      
                      <label
                        aria-owns="mat-input-2"
                        class="mat-form-field-label ng-tns-c4-0 mat-empty mat-form-field-empty ng-star-inserted"
                        for="mat-input-2"
                        id="mat-form-field-label-5"
                        ng-reflect-disabled="true"
                        ng-reflect-ng-switch="false"
                      >
                        
                        
                        Email
                        
                        
                      </label>
                    </span>
                  </div>
                  
                </div>
                
                <div
                  class="mat-form-field-underline ng-tns-c4-0 ng-star-inserted"
                >
                  <span
                    class="mat-form-field-ripple"
                  />
                </div>
                <div
                  class="mat-form-field-subscript-wrapper"
                  ng-reflect-ng-switch="hint"
                >
                  
                  
                  <div
                    class="mat-form-field-hint-wrapper ng-tns-c4-0 ng-trigger ng-trigger-transitionMessages ng-star-inserted"
                    style="opacity:1;transform:translateY(0%);0:opacity;1:transform;"
                  >
                    
                    <div
                      class="mat-form-field-hint-spacer"
                    />
                  </div>
                </div>
              </div>
            </mat-form-field>
          </p>
          <p>
            <mat-form-field
              class="mat-form-field ng-tns-c4-1 mat-primary mat-form-field-type-mat-input mat-form-field-appearance-legacy mat-form-field-can-float mat-form-field-hide-placeholder ng-untouched ng-pristine ng-invalid _mat-animation-noopable"
            >
              <div
                class="mat-form-field-wrapper"
              >
                <div
                  class="mat-form-field-flex"
                >
                  
                  
                  <div
                    class="mat-form-field-infix"
                  >
                    <input
                      aria-invalid="false"
                      aria-required="false"
                      class="mat-input-element mat-form-field-autofill-control cdk-text-field-autofill-monitored ng-untouched ng-pristine ng-invalid"
                      formcontrolname="password"
                      id="mat-input-3"
                      matinput=""
                      ng-reflect-name="password"
                      ng-reflect-placeholder="Password"
                      ng-reflect-type="password"
                      placeholder="Password"
                      type="password"
                    />
                    <span
                      class="mat-form-field-label-wrapper"
                    >
                      
                      <label
                        aria-owns="mat-input-3"
                        class="mat-form-field-label ng-tns-c4-1 mat-empty mat-form-field-empty ng-star-inserted"
                        for="mat-input-3"
                        id="mat-form-field-label-7"
                        ng-reflect-disabled="true"
                        ng-reflect-ng-switch="false"
                      >
                        
                        
                        Password
                        
                        
                      </label>
                    </span>
                  </div>
                  
                </div>
                
                <div
                  class="mat-form-field-underline ng-tns-c4-1 ng-star-inserted"
                >
                  <span
                    class="mat-form-field-ripple"
                  />
                </div>
                <div
                  class="mat-form-field-subscript-wrapper"
                  ng-reflect-ng-switch="hint"
                >
                  
                  
                  <div
                    class="mat-form-field-hint-wrapper ng-tns-c4-1 ng-trigger ng-trigger-transitionMessages ng-star-inserted"
                    style="opacity:1;transform:translateY(0%);0:opacity;1:transform;"
                  >
                    
                    <div
                      class="mat-form-field-hint-spacer"
                    />
                  </div>
                </div>
              </div>
            </mat-form-field>
          </p>
          <p
            class="loginButtons"
          >
            <button
              class="mat-button _mat-animation-noopable"
              mat-button=""
              type="submit"
            >
              <span
                class="mat-button-wrapper"
              >
                Login
              </span>
              <div
                class="mat-button-ripple mat-ripple"
                matripple=""
                ng-reflect-centered="false"
                ng-reflect-disabled="false"
                ng-reflect-trigger="[object HTMLButtonElement]"
              />
              <div
                class="mat-button-focus-overlay"
              />
            </button>
          </p>
        </form>
      </mat-card-content>
    </mat-card>
  </app-login-form>
</app-login-page>
`;
